From: John Doe <example@example.com>

This is a multipart message in MIME format.

this is the body text

